2025-01-09 14:59:48.7138 WARN module1 messages
2025-01-09 14:59:48.713 TRACE module3 messages
2025-01-09 14:59:48.7140 INFO module6 messages
2025-01-09 14:59:48.7140 FATAL module4 messages
2025-01-09 14:59:48.7140 WARN module7 messages
2025-01-09 14:59:48.7140 WARN module7 messages
2025-01-09 14:59:48.7140 INFO module6 messages
2025-01-09 14:59:48.7140 FATAL module4 messages
2025-01-09 14:59:48.7140 DEBUG module1 messages
2025-01-09 14:59:48.7140 DEBUG module4 messages
2025-01-09 14:59:48.7140 WARN module1 messages
2025-01-09 14:59:48.7140 ERROR module2 messages
2025-01-09 14:59:48.714 DEBUG module9 messages
2025-01-09 14:59:48.7140 FATAL module9 messages
2025-01-09 14:59:48.7140 FATAL module0 messages
2025-01-09 14:59:48.7140 TRACE module5 messages
2025-01-09 14:59:48.7140 WARN module8 messages
2025-01-09 14:59:48.7140 INFO module4 messages
2025-01-09 14:59:48.7140 FATAL module8 messages
2025-01-09 14:59:48.7140 DEBUG module9 messages
2025-01-09 14:59:48.7140 INFO module6 messages
2025-01-09 14:59:48.714 WARN module4 messages
2025-01-09 14:59:48.7140 ERROR module1 messages
2025-01-09 14:59:48.7140 TRACE module5 messages
2025-01-09 14:59:48.7140 FATAL module7 messages
2025-01-09 14:59:48.7140 FATAL module3 messages
2025-01-09 14:59:48.714 FATAL module5 messages
2025-01-09 14:59:48.7140 FATAL module1 messages
2025-01-09 14:59:48.714 ERROR module9 messages
2025-01-09 14:59:48.7140 FATAL module3 messages
2025-01-09 14:59:48.7140 ERROR module8 messages
2025-01-09 14:59:48.7140 TRACE module7 messages
2025-01-09 14:59:48.7140 TRACE module3 messages
2025-01-09 14:59:48.7141 INFO module0 messages
2025-01-09 14:59:48.7141 ERROR module1 messages
2025-01-09 14:59:48.7141 ERROR module5 messages
2025-01-09 14:59:48.7141 DEBUG module0 messages
2025-01-09 14:59:48.7141 INFO module4 messages
2025-01-09 14:59:48.7141 ERROR module5 messages
2025-01-09 14:59:48.7141 WARN module0 messages
2025-01-09 14:59:48.7141 DEBUG module8 messages
2025-01-09 14:59:48.714 DEBUG module5 messages
2025-01-09 14:59:48.7141 TRACE module6 messages
2025-01-09 14:59:48.7141 FATAL module1 messages
2025-01-09 14:59:48.7141 WARN module3 messages
2025-01-09 14:59:48.7141 DEBUG module1 messages
2025-01-09 14:59:48.7141 ERROR module0 messages
2025-01-09 14:59:48.7141 TRACE module3 messages
2025-01-09 14:59:48.714 INFO module3 messages
2025-01-09 14:59:48.7141 WARN module6 messages
2025-01-09 14:59:48.7141 INFO module4 messages
2025-01-09 14:59:48.714 DEBUG module2 messages
2025-01-09 14:59:48.7141 TRACE module5 messages
2025-01-09 14:59:48.7141 INFO module2 messages
2025-01-09 14:59:48.7141 TRACE module8 messages
2025-01-09 14:59:48.7141 ERROR module6 messages
2025-01-09 14:59:48.7141 ERROR module4 messages
2025-01-09 14:59:48.7141 WARN module1 messages
2025-01-09 14:59:48.7142 DEBUG module9 messages
2025-01-09 14:59:48.7142 WARN module0 messages
2025-01-09 14:59:48.7142 WARN module9 messages
2025-01-09 14:59:48.714 DEBUG module8 messages
2025-01-09 14:59:48.7142 FATAL module8 messages
2025-01-09 14:59:48.7142 WARN module5 messages
2025-01-09 14:59:48.7142 FATAL module9 messages
2025-01-09 14:59:48.7142 INFO module0 messages
2025-01-09 14:59:48.7142 WARN module7 messages
2025-01-09 14:59:48.7142 DEBUG module3 messages
2025-01-09 14:59:48.7142 FATAL module8 messages
2025-01-09 14:59:48.7142 TRACE module8 messages
2025-01-09 14:59:48.7142 WARN module6 messages
2025-01-09 14:59:48.7142 INFO module1 messages
2025-01-09 14:59:48.7142 TRACE module4 messages
2025-01-09 14:59:48.7142 INFO module8 messages
2025-01-09 14:59:48.7142 WARN module9 messages
2025-01-09 14:59:48.7142 DEBUG module5 messages
2025-01-09 14:59:48.7142 FATAL module5 messages
2025-01-09 14:59:48.7142 WARN module9 messages
2025-01-09 14:59:48.7142 INFO module8 messages
2025-01-09 14:59:48.7143 DEBUG module4 messages
2025-01-09 14:59:48.7143 TRACE module9 messages
2025-01-09 14:59:48.7143 FATAL module7 messages
2025-01-09 14:59:48.7143 FATAL module7 messages
2025-01-09 14:59:48.7143 ERROR module6 messages
2025-01-09 14:59:48.7143 WARN module7 messages
2025-01-09 14:59:48.7143 TRACE module9 messages
2025-01-09 14:59:48.7143 ERROR module1 messages
2025-01-09 14:59:48.7143 WARN module5 messages
2025-01-09 14:59:48.7143 WARN module6 messages
2025-01-09 14:59:48.7143 ERROR module0 messages
2025-01-09 14:59:48.7143 WARN module6 messages
2025-01-09 14:59:48.7143 ERROR module8 messages
2025-01-09 14:59:48.714 DEBUG module6 messages
2025-01-09 14:59:48.7143 FATAL module8 messages
2025-01-09 14:59:48.7143 ERROR module1 messages
2025-01-09 14:59:48.7143 ERROR module0 messages
2025-01-09 14:59:48.714 TRACE module1 messages
2025-01-09 14:59:48.7144 DEBUG module7 messages
2025-01-09 14:59:48.7144 INFO module9 messages
2025-01-09 14:59:48.7144 TRACE module0 messages
